//1 Найдите все записи из лога загрузки, доступного через команду journalctl с опцией -b в первые
20 секунд с момента загрузки, начало загрузки определить автоматически.

BTIME=$(awk /btime/ {print } /proc/stat)
BOOT_TIME=$(date -u -d "@$BTIME" +%Y-%m-%d %H:%M:%S)
UNTIL=$(date -u -d "@$((BTIME + 20))" +%Y-%m-%d %H:%M:%S)
$BOOT_TIME
2026-03-12 08:28:03
$UNTIL
2026-03-12 08:28:23

journalctl -b --utc --since "$BOOT_TIME" --until "$UNTIL" --no-pager
//2 Используя awk найдите все источники и их сообщения в файле auth.log (найдите его find), в
названии источника удалите информацию об идентификаторе процесса при помощи sed,
полученный результат отсортируйте по названию источника

sudo awk {print } "$AUTH_LOG" | sed s/[[0-9]*]:?$// | sort | head -20
chage
chage
chage
chfn
chfn
chpasswd
CRON
CRON
CRON
CRON
CRON
CRON
CRON
CRON
CRON
CRON
CRON
CRON
CRON
CRON
//3 Для результата из предыдущего пункта найдите количество повторений для каждого источника
и выведите их в виде списка «число_повторений источник», результат отсортируйте по
убыванию количества повторений

sudo awk {print } "$AUTH_LOG" | sed s/[[0-9]*]:?$// | sort | uniq -c | sort -rn
    694 CRON
    109 sshd
     78 su
     71 systemd-logind
     70 polkitd
     29 sudo:
     18 useradd
     10 (systemd):
      9 groupadd
      7 usermod
      5 passwd
      4 nologin:
      3 login
      3 chage
      2 gpasswd
      2 chfn
      1 (sd-pam):
      1 chpasswd

//4 В файле /etc/passwd найдите всех пользователей в системе, у которых установлен shell
/usr/sbin/nologin и выведите их в виде списка: «UID, username, список его групп»,
отсортированный в обратном порядке по UID, cписок групп используйте из файла /etc/group

touch /tmp/task4.sh
nano /tmp/task4.sh

#!/bin/bash
grep "/usr/sbin/nologin" /etc/passwd | \
while IFS=: read -r user _ uid gid _ _ _; do
    primary=$(awk -F: -v gid="$gid" '$3==gid{print $1}' /etc/group)
    extra=$(awk -F: -v user="$user" '$4~user{if(g)g=g",";g=g$1}END{print g}' /etc/group)
    [ -n "$extra" ] && groups="$primary,$extra" || groups="$primary"
    echo "$uid, $user, $groups"
done | sort -t, -k1 -rn

chmod +x /tmp/task4.sh
/tmp/task4.sh

65534, nobody, nogroup
1003, user3, user3,users,onegroup
998, systemd-network, systemd-network
997, systemd-timesync, systemd-timesync
992, systemd-resolve, systemd-resolve
991, polkitd, polkitd
989, fwupd-refresh, fwupd-refresh
109, sshd, nogroup
108, usbmux, plugdev
107, landscape, landscape
105, tcpdump, tcpdump
104, uuidd, uuidd
103, syslog, syslog,adm
101, messagebus, messagebus
42, _apt, nogroup
39, irc, irc
38, list, list
34, backup, backup
33, www-data, www-data
13, proxy, proxy
10, uucp, uucp
9, news, news
8, mail, mail
7, lp, lp
6, man, man
5, games, games
3, sys, sys,adm
2, bin, bin
1, daemon, daemon 

//5 Найдите в результате вывода dmesg все строки, содержащие слово 'kernel‘

dmesg | grep -i "kernel"

[    0.000000] KERNEL supported cpus:
[    0.106457] Booting paravirtualized kernel on KVM
[    0.109775] Kernel command line: BOOT_IMAGE=/vmlinuz-6.8.0-55-generic root=/dev/mapper/ubuntu--vg-ubuntu--lv ro
[    0.109906] Unknown kernel command line parameters "BOOT_IMAGE=/vmlinuz-6.8.0-55-generic", will be passed to user space.
[    0.300031] Memory: 3933488K/4193760K available (22528K kernel code, 4443K rwdata, 14344K rodata, 4988K init, 4716K bss, 260012K reserved, 0K cma-reserved)
[    0.549005] DMA: preallocated 512 KiB GFP_KERNEL pool for atomic allocations
[    0.549044] DMA: preallocated 512 KiB GFP_KERNEL|GFP_DMA pool for atomic allocations
[    0.549080] DMA: preallocated 512 KiB GFP_KERNEL|GFP_DMA32 pool for atomic allocations
[    1.042063] Loaded X.509 cert 'Build time autogenerated kernel key: e0bedf6fa049a1e09bd65ebab3904f14cdd5bc68'
[    1.047136] Loaded X.509 cert 'Canonical Ltd. Kernel Module Signing: 88f752e560a1e0737e31163a466ad7b70a850c19'
[    1.195138] Loaded X.509 cert 'Build time autogenerated kernel key: e0bedf6fa049a1e09bd65ebab3904f14cdd5bc68'
[    1.261220] Freeing unused kernel image (initmem) memory: 4988K
[    1.264803] Write protecting the kernel read-only data: 38912k
[    1.274194] Freeing unused kernel image (rodata/data gap) memory: 2040K
[    9.672730] systemd[1]: Listening on systemd-udevd-kernel.socket - udev Kernel Socket.
[    9.728637] systemd[1]: Mounting sys-kernel-debug.mount - Kernel Debug File System...
[    9.747048] systemd[1]: Mounting sys-kernel-tracing.mount - Kernel Trace File System...
[   10.000964] systemd[1]: Starting modprobe@configfs.service - Load Kernel Module configfs...
[   10.114665] systemd[1]: Starting modprobe@dm_mod.service - Load Kernel Module dm_mod...
[   10.187485] systemd[1]: Starting modprobe@drm.service - Load Kernel Module drm...
[   10.235695] systemd[1]: Starting modprobe@efi_pstore.service - Load Kernel Module efi_pstore...
[   10.371287] systemd[1]: Starting modprobe@fuse.service - Load Kernel Module fuse...
[   10.380173] systemd[1]: Starting modprobe@loop.service - Load Kernel Module loop...
[   10.464047] systemd[1]: Starting systemd-modules-load.service - Load Kernel Modules...
[   10.558224] systemd[1]: Starting systemd-remount-fs.service - Remount Root and Kernel File Systems...

//6 Подсчитайте количество строк в файле /var/log/kern.log

wc -l /var/log/kern.log
2886 /var/log/kern.log

//7 Отформатируйте вывод записей в /var/log/apt/history.log в следующем порядке, построчно:
Commandline: … ; Start-Date: … ; End-Date: …

sudo awk -F': ' '/^Start-Date:/{s=&2} /^Commandline:/{c=$2} /^End-Date:/{e=$2; print "Commandline: "c" ; Start-Date: "s" ; End-Date: "e}' /var/log/apt/history.log | head -5

Commandline: apt-get install --reinstall apt ; Start-Date: 2025-02-16  20:51:22 ; End-Date: 2025-02-16  20:51:24
Commandline: apt-get install --reinstall base-files ; Start-Date: 2025-02-16  20:51:26 ; End-Date: 2025-02-16  20:51:28
Commandline: apt-get install --reinstall base-passwd ; Start-Date: 2025-02-16  20:51:31 ; End-Date: 2025-02-16  20:51:32
Commandline: apt-get install --reinstall bash ; Start-Date: 2025-02-16  20:51:35 ; End-Date: 2025-02-16  20:51:37
Commandline: apt-get install --reinstall bsdutils ; Start-Date: 2025-02-16  20:51:39 ; End-Date: 2025-02-16  20:51:41
